// Jest Snapshot v1, https://goo.gl/fbAQLP

exports[`PopConfirm renders PopConfirm correctly 1`] = `
<div>
  <div
    class="ui-popover"
  >
    <div
      class="ui-popover-content ui-popover-content-radius"
    >
      <div>
        确认删除吗
        <div
          class="ui-popover-actions"
        >
          <button
            class="zw-button zw-button--default zw-button--radius"
            type="button"
          >
            取消
          </button>
          <button
            class="zw-button zw-button--primary zw-button--radius"
            type="button"
          >
            确定
          </button>
        </div>
      </div>
      <span
        class="ui-popover-arrow"
      />
    </div>
    <button
      class="zw-button zw-button--default zw-button--radius"
      type="button"
    >
      Delete
    </button>
  </div>
</div>
`;
